{
  "data": {
    "actorData": [
      {
        "actorId": "1",
        "firstName": "PENELOPE",
        "lastName": "GUINESS",
        "lastUpdate": "2006-02-15T04:34:33.000\u002B02:00"
      },
      {
        "actorId": "2",
        "firstName": "NICK",
        "lastName": "WAHLBERG",
        "lastUpdate": "2006-02-15T04:34:33.000\u002B02:00"
      },
      {
        "actorId": "3",
        "firstName": "ED",
        "lastName": "CHASE",
        "lastUpdate": "2006-02-15T04:34:33.000\u002B02:00"
      },
      {
        "actorId": "4",
        "firstName": "JENNIFER",
        "lastName": "DAVIS",
        "lastUpdate": "2006-02-15T04:34:33.000\u002B02:00"
      },
      {
        "actorId": "5",
        "firstName": "JOHNNY",
        "lastName": "LOLLOBRIGIDA",
        "lastUpdate": "2006-02-15T04:34:33.000\u002B02:00"
      }
    ]
  }
}
